// Jest Snapshot v1, https://goo.gl/fbAQLP

exports[`test for home page 1`] = `"no login"`;
