// Jest Snapshot v1, https://goo.gl/fbAQLP

exports[`Tests for Login Sign in page 1`] = `
initialize {
  "options": Object {
    "decodeEntities": true,
    "normalizeWhitespace": false,
    "withDomLvl1": true,
    "xml": false,
  },
}
`;
